-----BEGIN CERTIFICATE-----
ZGVza3RvcC1zcXNwYmRtXGRpbmFuDQpUdWUgMTAvMzEvMjAyMyAxNjowNjo1OS41
MSANCi0tLS0tLS0tLS0tLS0tLS0tLS0tLS0tLS0tLS0tLS0tLS0tLS0tLS0tLS0t
LS0tLS0gDQpVc2VyIFN0b3JpZXMgKFRlc3RzXEZlYXR1cmVcVXNlclN0b3JpZXMp
CiBbIF0gUkVRMiBQdWJsaWNDYXRlZ29yeVBhZ2UKIFt4XSBSRVE0IERpc2NvdW50
ZWRQcmljZU9uTW9kZWwKIFt4XSBSRVE0IERpc2NvdW50ZWRQcmljZUluSFRNTAog
W3hdIFJFUTYgT3JkZXJTdGF0dXNFeGlzdHMKIFsgXSBSRVE3IE9yZGVyU3RhdHVz
Q2hhbmdlcwogW3hdIFJFUTkgUHJvZHVjdEVkaXRIYXNEaXNjb3VudAogW3hdIFJF
UTEwIFByb2R1Y3RFZGl0Q29udGFpbnNDYXRlZ29yeQogWyBdIFJFUTExYSBDYXRl
Z29yeVBhZ2VIYXNQcm9kdWN0cwoKLS0tLS0tLS0tLS0tLS0tLS0tLS0tLS0tLS0t
LS0tLS0tLS0tLS0tLS0tLS0tLS0tLSANClBIUFVuaXQgOS42LjEzIGJ5IFNlYmFz
dGlhbiBCZXJnbWFubiBhbmQgY29udHJpYnV0b3JzLgoKRS4uLkYuLkUgICAgICAg
ICAgICAgICAgICAgICAgICAgICAgICAgICAgICAgICAgICAgICAgICAgICAgICAg
ICAgICA4IC8gOCAoMTAwJSkNCg0KVGltZTogMDA6MDAuMzIyLCBNZW1vcnk6IDI2
LjAwIE1CDQoNClRoZXJlIHdlcmUgMiBlcnJvcnM6CgoxKSBUZXN0c1xGZWF0dXJl
XFVzZXJTdG9yaWVzVGVzdDo6dGVzdF9SRVEyX1B1YmxpY0NhdGVnb3J5UGFnZQpF
cnJvckV4Y2VwdGlvbjogVHJ5aW5nIHRvIGFjY2VzcyBhcnJheSBvZmZzZXQgb24g
dmFsdWUgb2YgdHlwZSBudWxsCgpDOlxsYXJhdmVsXDRTaG9wXHZlbmRvclxsYXJh
dmVsXGZyYW1ld29ya1xzcmNcSWxsdW1pbmF0ZVxGb3VuZGF0aW9uXEJvb3RzdHJh
cFxIYW5kbGVFeGNlcHRpb25zLnBocDoyNzAKQzpcbGFyYXZlbFw0U2hvcFx0ZXN0
c1xGZWF0dXJlXFVzZXJTdG9yaWVzVGVzdC5waHA6MTMKCjIpIFRlc3RzXEZlYXR1
cmVcVXNlclN0b3JpZXNUZXN0Ojp0ZXN0X1JFUTExYV9DYXRlZ29yeVBhZ2VIYXNQ
cm9kdWN0cwpFcnJvckV4Y2VwdGlvbjogVHJ5aW5nIHRvIGFjY2VzcyBhcnJheSBv
ZmZzZXQgb24gdmFsdWUgb2YgdHlwZSBudWxsCgpDOlxsYXJhdmVsXDRTaG9wXHZl
bmRvclxsYXJhdmVsXGZyYW1ld29ya1xzcmNcSWxsdW1pbmF0ZVxGb3VuZGF0aW9u
XEJvb3RzdHJhcFxIYW5kbGVFeGNlcHRpb25zLnBocDoyNzAKQzpcbGFyYXZlbFw0
U2hvcFx0ZXN0c1xGZWF0dXJlXFVzZXJTdG9yaWVzVGVzdC5waHA6ODgKCi0tCgpU
aGVyZSB3YXMgMSBmYWlsdXJlOgoKMSkgVGVzdHNcRmVhdHVyZVxVc2VyU3Rvcmll
c1Rlc3Q6OnRlc3RfUkVRN19PcmRlclN0YXR1c0NoYW5nZXMKRXhwZWN0ZWQgcmVz
cG9uc2Ugc3RhdHVzIGNvZGUgWzIwMSwgMzAxLCAzMDIsIDMwMywgMzA3LCAzMDhd
IGJ1dCByZWNlaXZlZCA0MDQuCkZhaWxlZCBhc3NlcnRpbmcgdGhhdCBmYWxzZSBp
cyB0cnVlLgoKQzpcbGFyYXZlbFw0U2hvcFx2ZW5kb3JcbGFyYXZlbFxmcmFtZXdv
cmtcc3JjXElsbHVtaW5hdGVcVGVzdGluZ1xUZXN0UmVzcG9uc2UucGhwOjE1MApD
OlxsYXJhdmVsXDRTaG9wXHRlc3RzXEZlYXR1cmVcVXNlclN0b3JpZXNUZXN0LnBo
cDo1NwoKRVJST1JTIQ0KVGVzdHM6IDgsIEFzc2VydGlvbnM6IDEwLCBFcnJvcnM6
IDIsIEZhaWx1cmVzOiAxLg0K
-----END CERTIFICATE-----
